     5     1"  |test1.c
    32    20?  |test2.c
----------------
    37    21"   total lines/statements

     0	lines had comments         0.0 %
     0	comments are inline        0.0 %
     3	lines were blank           8.1 %
     6	lines for preprocessor    16.2 %
    28	lines containing code     75.7 %
    37	total lines              100.0 %

     0	comment-chars              0.0 %
     0	nontext-comment-chars      0.0 %
   172	whitespace-chars          24.8 %
    83	preprocessor-chars        12.0 %
   439	statement-chars           63.3 %
   694	total characters         100.0 %

    56	tokens, average length 3.57

  0.00	ratio of comment:code
     3	?:illegal characters found
     2	":lines with unterminated quotes

     3	top-level blocks/statements
     2	maximum blocklevel
  1.89	ratio of blocklevel:code

