L-COMMENT,L-HISTORY,L-INLINE,L-BLANK,L-CPP,L-CODE,L-TOTAL,C-COMMENT,C-HISTORY,C-IGNORE,C-BLANK,C-CPP,C-CODE,C-TOTAL,W-TOTAL,W-LENGTH,CODE:COMMENT,ILLEGAL-CHARS,ILLEGAL-QUOTES,ILLEGAL-COMMENTS,ILLEGAL-BLOCKS,TOP-BLOCKS,MAX-NESTING,AVG-NESTING,FILENAME
0,0,0,0,1,4,5,0,0,0,9,19,35,63,19,18,0.00,0,0,0,0,1,1,1.80,test1.c
0,0,0,1,0,5,6,0,0,0,10,0,114,124,27,24,0.00,1,0,0,0,2,1,1.65,test2.c
10,7,0,2,0,1,20,243,105,76,118,0,8,550,18,7,30.38,0,0,0,0,1,0,1.00,test3.c
