L-COMMENT,L-HISTORY,L-INLINE,L-BLANK,L-CPP,L-CODE,L-TOTAL,C-COMMENT,C-HISTORY,C-IGNORE,C-BLANK,C-CPP,C-CODE,C-TOTAL,W-TOTAL,W-LENGTH,CODE:COMMENT,ILLEGAL-CHARS,ILLEGAL-QUOTES,ILLEGAL-COMMENTS,ILLEGAL-BLOCKS,ILLEGAL-NAMES,TOP-BLOCKS,MAX-NESTING,AVG-NESTING,FILENAME
0,0,0,0,1,4,5,0,0,0,9,19,35,63,4,18,0.00,0,0,0,0,0,1,1,1.80,test1.c
0,0,0,3,5,24,32,0,0,0,161,64,406,631,47,161,0.00,3,0,0,0,0,2,1,1.90,test2.c
10,7,0,2,0,1,20,243,105,76,118,0,8,550,2,7,30.38,0,0,0,0,0,1,0,1.00,test3.c
